// Jest Snapshot v1, https://goo.gl/fbAQLP

exports[`App component renders app component 1`] = `
<div>
  <routes />
</div>
`;
