// Jest Snapshot v1, https://goo.gl/fbAQLP

exports[`Business page renders business page 1`] = `
<div>
  <Navigation />
  <RenderBusiness />
</div>
`;
