// Jest Snapshot v1, https://goo.gl/fbAQLP

exports[`Business profile body Business profile body renders 1`] = `<Route />`;
