// Jest Snapshot v1, https://goo.gl/fbAQLP

exports[`Business Body Business body renders 1`] = `
<div
  className="container"
>
  <div
    className="row"
  />
</div>
`;
