// Jest Snapshot v1, https://goo.gl/fbAQLP

exports[`Logout component Logout componet renders 1`] = `
<div>
  <div
    class="loader"
    id="loader-2"
  />
</div>
`;
