// Jest Snapshot v1, https://goo.gl/fbAQLP

exports[`Registration page Registration page renders 1`] = `
<div>
  <Navigation />
  <RegisterForm />
</div>
`;
