// Jest Snapshot v1, https://goo.gl/fbAQLP

exports[`Reset password form Reset password form renders 1`] = `
<div
  id="main-registration-container"
>
  <div
    id="register"
  >
    <h3>
      Enter email to reset
    </h3>
    <form
      onSubmit={[Function]}
    >
      <p
        className="errorMsg"
      />
      <label>
        Email ID:
      </label>
      <input
        name="emailid"
        type="text"
      />
      <input
        className="button"
        type="submit"
        value="Submit"
      />
    </form>
  </div>
</div>
`;
