// Jest Snapshot v1, https://goo.gl/fbAQLP

exports[`Reset password page Reset password page renders 1`] = `
<div>
  <Navigation />
  <ResetPassword />
</div>
`;
