// Jest Snapshot v1, https://goo.gl/fbAQLP

exports[`Search business page Renders search business page 1`] = `
<div>
  <Navigation />
  <Search />
</div>
`;
